mode: atomic
github.com/smartcontractkit/timelock-worker/main.go:5.13,7.2 1 0
github.com/smartcontractkit/timelock-worker/cmd/root.go:22.16,23.43 1 0
github.com/smartcontractkit/timelock-worker/cmd/root.go:23.43,25.3 1 0
github.com/smartcontractkit/timelock-worker/cmd/root.go:27.2,27.42 1 0
github.com/smartcontractkit/timelock-worker/cmd/root.go:27.42,29.3 1 0
github.com/smartcontractkit/timelock-worker/cmd/root.go:32.31,42.100 4 0
github.com/smartcontractkit/timelock-worker/cmd/root.go:42.100,44.3 1 0
github.com/smartcontractkit/timelock-worker/cmd/root.go:46.2,47.94 2 0
github.com/smartcontractkit/timelock-worker/cmd/root.go:47.94,49.3 1 0
github.com/smartcontractkit/timelock-worker/cmd/root.go:51.2,51.12 1 0
github.com/smartcontractkit/timelock-worker/cmd/root.go:54.19,58.2 2 0
github.com/smartcontractkit/timelock-worker/cmd/start.go:12.36,27.16 3 0
github.com/smartcontractkit/timelock-worker/cmd/start.go:27.16,29.3 1 0
github.com/smartcontractkit/timelock-worker/cmd/start.go:33.2,43.18 9 0
github.com/smartcontractkit/timelock-worker/cmd/start.go:46.51,53.2 5 0
github.com/smartcontractkit/timelock-worker/cmd/start.go:55.61,57.16 2 0
github.com/smartcontractkit/timelock-worker/cmd/start.go:57.16,59.3 1 0
github.com/smartcontractkit/timelock-worker/cmd/start.go:61.2,62.16 2 0
github.com/smartcontractkit/timelock-worker/cmd/start.go:62.16,64.3 1 0
github.com/smartcontractkit/timelock-worker/cmd/start.go:66.2,67.16 2 0
github.com/smartcontractkit/timelock-worker/cmd/start.go:67.16,69.3 1 0
github.com/smartcontractkit/timelock-worker/cmd/start.go:71.2,72.16 2 0
github.com/smartcontractkit/timelock-worker/cmd/start.go:72.16,74.3 1 0
github.com/smartcontractkit/timelock-worker/cmd/start.go:76.2,77.16 2 0
github.com/smartcontractkit/timelock-worker/cmd/start.go:77.16,79.3 1 0
github.com/smartcontractkit/timelock-worker/cmd/start.go:81.2,82.16 2 0
github.com/smartcontractkit/timelock-worker/cmd/start.go:82.16,84.3 1 0
github.com/smartcontractkit/timelock-worker/cmd/start.go:86.2,87.16 2 0
github.com/smartcontractkit/timelock-worker/cmd/start.go:87.16,89.3 1 0
github.com/smartcontractkit/timelock-worker/cmd/start.go:91.2,91.44 1 0
github.com/smartcontractkit/timelock-worker/cmd/start.go:91.44,93.3 1 0
github.com/smartcontractkit/timelock-worker/cmd/start.go:95.2,95.50 1 0
github.com/smartcontractkit/timelock-worker/cmd/start.go:98.30,100.2 1 0
github.com/smartcontractkit/timelock-worker/cmd/start.go:102.27,104.2 1 0
github.com/smartcontractkit/timelock-worker/cmd/version.go:14.38,22.2 2 0
github.com/smartcontractkit/timelock-worker/cmd/version.go:24.51,26.2 1 0
github.com/smartcontractkit/timelock-worker/pkg/timelock/contract/Timelock.go:108.91,110.16 2 0
github.com/smartcontractkit/timelock-worker/pkg/timelock/contract/Timelock.go:110.16,112.3 1 0
github.com/smartcontractkit/timelock-worker/pkg/timelock/contract/Timelock.go:113.2,113.191 1 0
github.com/smartcontractkit/timelock-worker/pkg/timelock/contract/Timelock.go:117.101,119.16 2 0
github.com/smartcontractkit/timelock-worker/pkg/timelock/contract/Timelock.go:119.16,121.3 1 0
github.com/smartcontractkit/timelock-worker/pkg/timelock/contract/Timelock.go:122.2,122.49 1 0
github.com/smartcontractkit/timelock-worker/pkg/timelock/contract/Timelock.go:126.117,128.16 2 0
github.com/smartcontractkit/timelock-worker/pkg/timelock/contract/Timelock.go:128.16,130.3 1 0
github.com/smartcontractkit/timelock-worker/pkg/timelock/contract/Timelock.go:131.2,131.53 1 0
github.com/smartcontractkit/timelock-worker/pkg/timelock/contract/Timelock.go:135.109,137.16 2 0
github.com/smartcontractkit/timelock-worker/pkg/timelock/contract/Timelock.go:137.16,139.3 1 0
github.com/smartcontractkit/timelock-worker/pkg/timelock/contract/Timelock.go:140.2,140.51 1 0
github.com/smartcontractkit/timelock-worker/pkg/timelock/contract/Timelock.go:144.168,146.16 2 0
github.com/smartcontractkit/timelock-worker/pkg/timelock/contract/Timelock.go:146.16,148.3 1 0
github.com/smartcontractkit/timelock-worker/pkg/timelock/contract/Timelock.go:149.2,149.83 1 0
github.com/smartcontractkit/timelock-worker/pkg/timelock/contract/Timelock.go:156.124,158.2 1 0
github.com/smartcontractkit/timelock-worker/pkg/timelock/contract/Timelock.go:162.93,164.2 1 0
github.com/smartcontractkit/timelock-worker/pkg/timelock/contract/Timelock.go:167.131,169.2 1 0
github.com/smartcontractkit/timelock-worker/pkg/timelock/contract/Timelock.go:175.130,177.2 1 0
github.com/smartcontractkit/timelock-worker/pkg/timelock/contract/Timelock.go:181.103,183.2 1 0
github.com/smartcontractkit/timelock-worker/pkg/timelock/contract/Timelock.go:186.141,188.2 1 0
github.com/smartcontractkit/timelock-worker/pkg/timelock/contract/Timelock.go:193.83,197.16 3 0
github.com/smartcontractkit/timelock-worker/pkg/timelock/contract/Timelock.go:197.16,199.3 1 0
github.com/smartcontractkit/timelock-worker/pkg/timelock/contract/Timelock.go:201.2,203.18 2 0
github.com/smartcontractkit/timelock-worker/pkg/timelock/contract/Timelock.go:210.65,212.2 1 0
github.com/smartcontractkit/timelock-worker/pkg/timelock/contract/Timelock.go:217.71,219.2 1 0
github.com/smartcontractkit/timelock-worker/pkg/timelock/contract/Timelock.go:224.86,228.16 3 0
github.com/smartcontractkit/timelock-worker/pkg/timelock/contract/Timelock.go:228.16,230.3 1 0
github.com/smartcontractkit/timelock-worker/pkg/timelock/contract/Timelock.go:232.2,234.18 2 0
github.com/smartcontractkit/timelock-worker/pkg/timelock/contract/Timelock.go:241.68,243.2 1 0
github.com/smartcontractkit/timelock-worker/pkg/timelock/contract/Timelock.go:248.74,250.2 1 0
github.com/smartcontractkit/timelock-worker/pkg/timelock/contract/Timelock.go:255.87,259.16 3 0
github.com/smartcontractkit/timelock-worker/pkg/timelock/contract/Timelock.go:259.16,261.3 1 0
github.com/smartcontractkit/timelock-worker/pkg/timelock/contract/Timelock.go:263.2,265.18 2 0
github.com/smartcontractkit/timelock-worker/pkg/timelock/contract/Timelock.go:272.69,274.2 1 0
github.com/smartcontractkit/timelock-worker/pkg/timelock/contract/Timelock.go:279.75,281.2 1 0
github.com/smartcontractkit/timelock-worker/pkg/timelock/contract/Timelock.go:286.90,290.16 3 0
github.com/smartcontractkit/timelock-worker/pkg/timelock/contract/Timelock.go:290.16,292.3 1 0
github.com/smartcontractkit/timelock-worker/pkg/timelock/contract/Timelock.go:294.2,296.18 2 0
github.com/smartcontractkit/timelock-worker/pkg/timelock/contract/Timelock.go:303.72,305.2 1 0
github.com/smartcontractkit/timelock-worker/pkg/timelock/contract/Timelock.go:310.78,312.2 1 0
github.com/smartcontractkit/timelock-worker/pkg/timelock/contract/Timelock.go:317.86,321.16 3 0
github.com/smartcontractkit/timelock-worker/pkg/timelock/contract/Timelock.go:321.16,323.3 1 0
github.com/smartcontractkit/timelock-worker/pkg/timelock/contract/Timelock.go:325.2,327.18 2 0
github.com/smartcontractkit/timelock-worker/pkg/timelock/contract/Timelock.go:334.68,336.2 1 0
github.com/smartcontractkit/timelock-worker/pkg/timelock/contract/Timelock.go:341.74,343.2 1 0
github.com/smartcontractkit/timelock-worker/pkg/timelock/contract/Timelock.go:348.86,352.16 3 0
github.com/smartcontractkit/timelock-worker/pkg/timelock/contract/Timelock.go:352.16,354.3 1 0
github.com/smartcontractkit/timelock-worker/pkg/timelock/contract/Timelock.go:356.2,358.18 2 0
github.com/smartcontractkit/timelock-worker/pkg/timelock/contract/Timelock.go:365.68,367.2 1 0
github.com/smartcontractkit/timelock-worker/pkg/timelock/contract/Timelock.go:372.74,374.2 1 0
github.com/smartcontractkit/timelock-worker/pkg/timelock/contract/Timelock.go:379.117,383.16 3 0
github.com/smartcontractkit/timelock-worker/pkg/timelock/contract/Timelock.go:383.16,385.3 1 0
github.com/smartcontractkit/timelock-worker/pkg/timelock/contract/Timelock.go:387.2,389.18 2 0
github.com/smartcontractkit/timelock-worker/pkg/timelock/contract/Timelock.go:396.97,398.2 1 0
github.com/smartcontractkit/timelock-worker/pkg/timelock/contract/Timelock.go:403.103,405.2 1 0
github.com/smartcontractkit/timelock-worker/pkg/timelock/contract/Timelock.go:410.105,414.16 3 0
github.com/smartcontractkit/timelock-worker/pkg/timelock/contract/Timelock.go:414.16,416.3 1 0
github.com/smartcontractkit/timelock-worker/pkg/timelock/contract/Timelock.go:418.2,420.18 2 0
github.com/smartcontractkit/timelock-worker/pkg/timelock/contract/Timelock.go:427.87,429.2 1 0
github.com/smartcontractkit/timelock-worker/pkg/timelock/contract/Timelock.go:434.93,436.2 1 0
github.com/smartcontractkit/timelock-worker/pkg/timelock/contract/Timelock.go:441.85,445.16 3 0
github.com/smartcontractkit/timelock-worker/pkg/timelock/contract/Timelock.go:445.16,447.3 1 0
github.com/smartcontractkit/timelock-worker/pkg/timelock/contract/Timelock.go:449.2,451.18 2 0
github.com/smartcontractkit/timelock-worker/pkg/timelock/contract/Timelock.go:458.67,460.2 1 0
github.com/smartcontractkit/timelock-worker/pkg/timelock/contract/Timelock.go:465.73,467.2 1 0
github.com/smartcontractkit/timelock-worker/pkg/timelock/contract/Timelock.go:472.101,476.16 3 0
github.com/smartcontractkit/timelock-worker/pkg/timelock/contract/Timelock.go:476.16,478.3 1 0
github.com/smartcontractkit/timelock-worker/pkg/timelock/contract/Timelock.go:480.2,482.18 2 0
github.com/smartcontractkit/timelock-worker/pkg/timelock/contract/Timelock.go:489.81,491.2 1 0
github.com/smartcontractkit/timelock-worker/pkg/timelock/contract/Timelock.go:496.87,498.2 1 0
github.com/smartcontractkit/timelock-worker/pkg/timelock/contract/Timelock.go:503.124,507.16 3 0
github.com/smartcontractkit/timelock-worker/pkg/timelock/contract/Timelock.go:507.16,509.3 1 0
github.com/smartcontractkit/timelock-worker/pkg/timelock/contract/Timelock.go:511.2,513.18 2 0
github.com/smartcontractkit/timelock-worker/pkg/timelock/contract/Timelock.go:520.104,522.2 1 0
github.com/smartcontractkit/timelock-worker/pkg/timelock/contract/Timelock.go:527.110,529.2 1 0
github.com/smartcontractkit/timelock-worker/pkg/timelock/contract/Timelock.go:534.107,538.16 3 0
github.com/smartcontractkit/timelock-worker/pkg/timelock/contract/Timelock.go:538.16,540.3 1 0
github.com/smartcontractkit/timelock-worker/pkg/timelock/contract/Timelock.go:542.2,544.18 2 0
github.com/smartcontractkit/timelock-worker/pkg/timelock/contract/Timelock.go:551.87,553.2 1 0
github.com/smartcontractkit/timelock-worker/pkg/timelock/contract/Timelock.go:558.93,560.2 1 0
github.com/smartcontractkit/timelock-worker/pkg/timelock/contract/Timelock.go:565.99,569.16 3 0
github.com/smartcontractkit/timelock-worker/pkg/timelock/contract/Timelock.go:569.16,571.3 1 0
github.com/smartcontractkit/timelock-worker/pkg/timelock/contract/Timelock.go:573.2,575.18 2 0
github.com/smartcontractkit/timelock-worker/pkg/timelock/contract/Timelock.go:582.79,584.2 1 0
github.com/smartcontractkit/timelock-worker/pkg/timelock/contract/Timelock.go:589.85,591.2 1 0
github.com/smartcontractkit/timelock-worker/pkg/timelock/contract/Timelock.go:596.116,600.16 3 0
github.com/smartcontractkit/timelock-worker/pkg/timelock/contract/Timelock.go:600.16,602.3 1 0
github.com/smartcontractkit/timelock-worker/pkg/timelock/contract/Timelock.go:604.2,606.18 2 0
github.com/smartcontractkit/timelock-worker/pkg/timelock/contract/Timelock.go:613.96,615.2 1 0
github.com/smartcontractkit/timelock-worker/pkg/timelock/contract/Timelock.go:620.102,622.2 1 0
github.com/smartcontractkit/timelock-worker/pkg/timelock/contract/Timelock.go:627.155,631.16 3 0
github.com/smartcontractkit/timelock-worker/pkg/timelock/contract/Timelock.go:631.16,633.3 1 0
github.com/smartcontractkit/timelock-worker/pkg/timelock/contract/Timelock.go:635.2,637.18 2 0
github.com/smartcontractkit/timelock-worker/pkg/timelock/contract/Timelock.go:644.135,646.2 1 0
github.com/smartcontractkit/timelock-worker/pkg/timelock/contract/Timelock.go:651.141,653.2 1 0
github.com/smartcontractkit/timelock-worker/pkg/timelock/contract/Timelock.go:658.94,662.16 3 0
github.com/smartcontractkit/timelock-worker/pkg/timelock/contract/Timelock.go:662.16,664.3 1 0
github.com/smartcontractkit/timelock-worker/pkg/timelock/contract/Timelock.go:666.2,668.18 2 0
github.com/smartcontractkit/timelock-worker/pkg/timelock/contract/Timelock.go:675.74,677.2 1 0
github.com/smartcontractkit/timelock-worker/pkg/timelock/contract/Timelock.go:682.80,684.2 1 0
github.com/smartcontractkit/timelock-worker/pkg/timelock/contract/Timelock.go:689.98,693.16 3 0
github.com/smartcontractkit/timelock-worker/pkg/timelock/contract/Timelock.go:693.16,695.3 1 0
github.com/smartcontractkit/timelock-worker/pkg/timelock/contract/Timelock.go:697.2,699.18 2 0
github.com/smartcontractkit/timelock-worker/pkg/timelock/contract/Timelock.go:706.78,708.2 1 0
github.com/smartcontractkit/timelock-worker/pkg/timelock/contract/Timelock.go:713.84,715.2 1 0
github.com/smartcontractkit/timelock-worker/pkg/timelock/contract/Timelock.go:720.101,724.16 3 0
github.com/smartcontractkit/timelock-worker/pkg/timelock/contract/Timelock.go:724.16,726.3 1 0
github.com/smartcontractkit/timelock-worker/pkg/timelock/contract/Timelock.go:728.2,730.18 2 0
github.com/smartcontractkit/timelock-worker/pkg/timelock/contract/Timelock.go:737.81,739.2 1 0
github.com/smartcontractkit/timelock-worker/pkg/timelock/contract/Timelock.go:744.87,746.2 1 0
github.com/smartcontractkit/timelock-worker/pkg/timelock/contract/Timelock.go:751.99,755.16 3 0
github.com/smartcontractkit/timelock-worker/pkg/timelock/contract/Timelock.go:755.16,757.3 1 0
github.com/smartcontractkit/timelock-worker/pkg/timelock/contract/Timelock.go:759.2,761.18 2 0
github.com/smartcontractkit/timelock-worker/pkg/timelock/contract/Timelock.go:768.79,770.2 1 0
github.com/smartcontractkit/timelock-worker/pkg/timelock/contract/Timelock.go:775.85,777.2 1 0
github.com/smartcontractkit/timelock-worker/pkg/timelock/contract/Timelock.go:782.108,786.16 3 0
github.com/smartcontractkit/timelock-worker/pkg/timelock/contract/Timelock.go:786.16,788.3 1 0
github.com/smartcontractkit/timelock-worker/pkg/timelock/contract/Timelock.go:790.2,792.18 2 0
github.com/smartcontractkit/timelock-worker/pkg/timelock/contract/Timelock.go:799.88,801.2 1 0
github.com/smartcontractkit/timelock-worker/pkg/timelock/contract/Timelock.go:806.94,808.2 1 0
github.com/smartcontractkit/timelock-worker/pkg/timelock/contract/Timelock.go:813.131,815.2 1 0
github.com/smartcontractkit/timelock-worker/pkg/timelock/contract/Timelock.go:820.103,822.2 1 0
github.com/smartcontractkit/timelock-worker/pkg/timelock/contract/Timelock.go:827.113,829.2 1 0
github.com/smartcontractkit/timelock-worker/pkg/timelock/contract/Timelock.go:834.138,836.2 1 0
github.com/smartcontractkit/timelock-worker/pkg/timelock/contract/Timelock.go:841.110,843.2 1 0
github.com/smartcontractkit/timelock-worker/pkg/timelock/contract/Timelock.go:848.120,850.2 1 0
github.com/smartcontractkit/timelock-worker/pkg/timelock/contract/Timelock.go:855.111,857.2 1 0
github.com/smartcontractkit/timelock-worker/pkg/timelock/contract/Timelock.go:862.83,864.2 1 0
github.com/smartcontractkit/timelock-worker/pkg/timelock/contract/Timelock.go:869.93,871.2 1 0
github.com/smartcontractkit/timelock-worker/pkg/timelock/contract/Timelock.go:876.167,878.2 1 0
github.com/smartcontractkit/timelock-worker/pkg/timelock/contract/Timelock.go:883.139,885.2 1 0
github.com/smartcontractkit/timelock-worker/pkg/timelock/contract/Timelock.go:890.149,892.2 1 0
github.com/smartcontractkit/timelock-worker/pkg/timelock/contract/Timelock.go:897.140,899.2 1 0
github.com/smartcontractkit/timelock-worker/pkg/timelock/contract/Timelock.go:904.112,906.2 1 0
github.com/smartcontractkit/timelock-worker/pkg/timelock/contract/Timelock.go:911.122,913.2 1 0
github.com/smartcontractkit/timelock-worker/pkg/timelock/contract/Timelock.go:918.203,920.2 1 0
github.com/smartcontractkit/timelock-worker/pkg/timelock/contract/Timelock.go:925.175,927.2 1 0
github.com/smartcontractkit/timelock-worker/pkg/timelock/contract/Timelock.go:932.185,934.2 1 0
github.com/smartcontractkit/timelock-worker/pkg/timelock/contract/Timelock.go:939.194,941.2 1 0
github.com/smartcontractkit/timelock-worker/pkg/timelock/contract/Timelock.go:946.166,948.2 1 0
github.com/smartcontractkit/timelock-worker/pkg/timelock/contract/Timelock.go:953.176,955.2 1 0
github.com/smartcontractkit/timelock-worker/pkg/timelock/contract/Timelock.go:960.178,962.2 1 0
github.com/smartcontractkit/timelock-worker/pkg/timelock/contract/Timelock.go:967.150,969.2 1 0
github.com/smartcontractkit/timelock-worker/pkg/timelock/contract/Timelock.go:974.160,976.2 1 0
github.com/smartcontractkit/timelock-worker/pkg/timelock/contract/Timelock.go:981.143,983.2 1 0
github.com/smartcontractkit/timelock-worker/pkg/timelock/contract/Timelock.go:988.115,990.2 1 0
github.com/smartcontractkit/timelock-worker/pkg/timelock/contract/Timelock.go:995.125,997.2 1 0
github.com/smartcontractkit/timelock-worker/pkg/timelock/contract/Timelock.go:1002.141,1004.2 1 0
github.com/smartcontractkit/timelock-worker/pkg/timelock/contract/Timelock.go:1009.113,1011.2 1 0
github.com/smartcontractkit/timelock-worker/pkg/timelock/contract/Timelock.go:1016.123,1018.2 1 0
github.com/smartcontractkit/timelock-worker/pkg/timelock/contract/Timelock.go:1023.184,1025.2 1 0
github.com/smartcontractkit/timelock-worker/pkg/timelock/contract/Timelock.go:1030.156,1032.2 1 0
github.com/smartcontractkit/timelock-worker/pkg/timelock/contract/Timelock.go:1037.166,1039.2 1 0
github.com/smartcontractkit/timelock-worker/pkg/timelock/contract/Timelock.go:1044.133,1046.2 1 0
github.com/smartcontractkit/timelock-worker/pkg/timelock/contract/Timelock.go:1051.105,1053.2 1 0
github.com/smartcontractkit/timelock-worker/pkg/timelock/contract/Timelock.go:1058.115,1060.2 1 0
github.com/smartcontractkit/timelock-worker/pkg/timelock/contract/Timelock.go:1065.122,1067.2 1 0
github.com/smartcontractkit/timelock-worker/pkg/timelock/contract/Timelock.go:1072.94,1074.2 1 0
github.com/smartcontractkit/timelock-worker/pkg/timelock/contract/Timelock.go:1079.104,1081.2 1 0
github.com/smartcontractkit/timelock-worker/pkg/timelock/contract/Timelock.go:1086.99,1088.2 1 0
github.com/smartcontractkit/timelock-worker/pkg/timelock/contract/Timelock.go:1093.73,1095.2 1 0
github.com/smartcontractkit/timelock-worker/pkg/timelock/contract/Timelock.go:1100.83,1102.2 1 0
github.com/smartcontractkit/timelock-worker/pkg/timelock/contract/Timelock.go:1120.61,1122.20 1 0
github.com/smartcontractkit/timelock-worker/pkg/timelock/contract/Timelock.go:1122.20,1124.3 1 0
github.com/smartcontractkit/timelock-worker/pkg/timelock/contract/Timelock.go:1126.2,1126.13 1 0
github.com/smartcontractkit/timelock-worker/pkg/timelock/contract/Timelock.go:1126.13,1127.10 1 0
github.com/smartcontractkit/timelock-worker/pkg/timelock/contract/Timelock.go:1128.25,1130.73 2 0
github.com/smartcontractkit/timelock-worker/pkg/timelock/contract/Timelock.go:1130.73,1133.5 2 0
github.com/smartcontractkit/timelock-worker/pkg/timelock/contract/Timelock.go:1134.4,1135.15 2 0
github.com/smartcontractkit/timelock-worker/pkg/timelock/contract/Timelock.go:1137.11,1138.16 1 0
github.com/smartcontractkit/timelock-worker/pkg/timelock/contract/Timelock.go:1142.2,1142.9 1 0
github.com/smartcontractkit/timelock-worker/pkg/timelock/contract/Timelock.go:1143.24,1145.72 2 0
github.com/smartcontractkit/timelock-worker/pkg/timelock/contract/Timelock.go:1145.72,1148.4 2 0
github.com/smartcontractkit/timelock-worker/pkg/timelock/contract/Timelock.go:1149.3,1150.14 2 0
github.com/smartcontractkit/timelock-worker/pkg/timelock/contract/Timelock.go:1152.29,1155.19 3 0
github.com/smartcontractkit/timelock-worker/pkg/timelock/contract/Timelock.go:1160.63,1162.2 1 0
github.com/smartcontractkit/timelock-worker/pkg/timelock/contract/Timelock.go:1166.63,1169.2 2 0
github.com/smartcontractkit/timelock-worker/pkg/timelock/contract/Timelock.go:1183.151,1186.34 2 0
github.com/smartcontractkit/timelock-worker/pkg/timelock/contract/Timelock.go:1186.34,1188.3 1 0
github.com/smartcontractkit/timelock-worker/pkg/timelock/contract/Timelock.go:1190.2,1191.16 2 0
github.com/smartcontractkit/timelock-worker/pkg/timelock/contract/Timelock.go:1191.16,1193.3 1 0
github.com/smartcontractkit/timelock-worker/pkg/timelock/contract/Timelock.go:1194.2,1194.134 1 0
github.com/smartcontractkit/timelock-worker/pkg/timelock/contract/Timelock.go:1200.173,1203.34 2 0
github.com/smartcontractkit/timelock-worker/pkg/timelock/contract/Timelock.go:1203.34,1205.3 1 0
github.com/smartcontractkit/timelock-worker/pkg/timelock/contract/Timelock.go:1207.2,1208.16 2 0
github.com/smartcontractkit/timelock-worker/pkg/timelock/contract/Timelock.go:1208.16,1210.3 1 0
github.com/smartcontractkit/timelock-worker/pkg/timelock/contract/Timelock.go:1211.2,1211.64 1 0
github.com/smartcontractkit/timelock-worker/pkg/timelock/contract/Timelock.go:1211.64,1213.7 2 0
github.com/smartcontractkit/timelock-worker/pkg/timelock/contract/Timelock.go:1213.7,1214.11 1 0
github.com/smartcontractkit/timelock-worker/pkg/timelock/contract/Timelock.go:1215.23,1218.92 2 0
github.com/smartcontractkit/timelock-worker/pkg/timelock/contract/Timelock.go:1218.92,1220.6 1 0
github.com/smartcontractkit/timelock-worker/pkg/timelock/contract/Timelock.go:1221.5,1223.12 2 0
github.com/smartcontractkit/timelock-worker/pkg/timelock/contract/Timelock.go:1224.24,1224.24 0 0
github.com/smartcontractkit/timelock-worker/pkg/timelock/contract/Timelock.go:1225.29,1226.16 1 0
github.com/smartcontractkit/timelock-worker/pkg/timelock/contract/Timelock.go:1227.17,1228.16 1 0
github.com/smartcontractkit/timelock-worker/pkg/timelock/contract/Timelock.go:1230.28,1231.15 1 0
github.com/smartcontractkit/timelock-worker/pkg/timelock/contract/Timelock.go:1232.16,1233.15 1 0
github.com/smartcontractkit/timelock-worker/pkg/timelock/contract/Timelock.go:1242.116,1244.89 2 0
github.com/smartcontractkit/timelock-worker/pkg/timelock/contract/Timelock.go:1244.89,1246.3 1 0
github.com/smartcontractkit/timelock-worker/pkg/timelock/contract/Timelock.go:1247.2,1248.19 2 0
github.com/smartcontractkit/timelock-worker/pkg/timelock/contract/Timelock.go:1267.53,1269.20 1 0
github.com/smartcontractkit/timelock-worker/pkg/timelock/contract/Timelock.go:1269.20,1271.3 1 0
github.com/smartcontractkit/timelock-worker/pkg/timelock/contract/Timelock.go:1273.2,1273.13 1 0
github.com/smartcontractkit/timelock-worker/pkg/timelock/contract/Timelock.go:1273.13,1274.10 1 0
github.com/smartcontractkit/timelock-worker/pkg/timelock/contract/Timelock.go:1275.25,1277.73 2 0
github.com/smartcontractkit/timelock-worker/pkg/timelock/contract/Timelock.go:1277.73,1280.5 2 0
github.com/smartcontractkit/timelock-worker/pkg/timelock/contract/Timelock.go:1281.4,1282.15 2 0
github.com/smartcontractkit/timelock-worker/pkg/timelock/contract/Timelock.go:1284.11,1285.16 1 0
github.com/smartcontractkit/timelock-worker/pkg/timelock/contract/Timelock.go:1289.2,1289.9 1 0
github.com/smartcontractkit/timelock-worker/pkg/timelock/contract/Timelock.go:1290.24,1292.72 2 0
github.com/smartcontractkit/timelock-worker/pkg/timelock/contract/Timelock.go:1292.72,1295.4 2 0
github.com/smartcontractkit/timelock-worker/pkg/timelock/contract/Timelock.go:1296.3,1297.14 2 0
github.com/smartcontractkit/timelock-worker/pkg/timelock/contract/Timelock.go:1299.29,1302.19 3 0
github.com/smartcontractkit/timelock-worker/pkg/timelock/contract/Timelock.go:1307.55,1309.2 1 0
github.com/smartcontractkit/timelock-worker/pkg/timelock/contract/Timelock.go:1313.55,1316.2 2 0
github.com/smartcontractkit/timelock-worker/pkg/timelock/contract/Timelock.go:1331.150,1334.28 2 0
github.com/smartcontractkit/timelock-worker/pkg/timelock/contract/Timelock.go:1334.28,1336.3 1 0
github.com/smartcontractkit/timelock-worker/pkg/timelock/contract/Timelock.go:1337.2,1338.34 2 0
github.com/smartcontractkit/timelock-worker/pkg/timelock/contract/Timelock.go:1338.34,1340.3 1 0
github.com/smartcontractkit/timelock-worker/pkg/timelock/contract/Timelock.go:1342.2,1343.16 2 0
github.com/smartcontractkit/timelock-worker/pkg/timelock/contract/Timelock.go:1343.16,1345.3 1 0
github.com/smartcontractkit/timelock-worker/pkg/timelock/contract/Timelock.go:1346.2,1346.118 1 0
github.com/smartcontractkit/timelock-worker/pkg/timelock/contract/Timelock.go:1352.172,1355.28 2 0
github.com/smartcontractkit/timelock-worker/pkg/timelock/contract/Timelock.go:1355.28,1357.3 1 0
github.com/smartcontractkit/timelock-worker/pkg/timelock/contract/Timelock.go:1358.2,1359.34 2 0
github.com/smartcontractkit/timelock-worker/pkg/timelock/contract/Timelock.go:1359.34,1361.3 1 0
github.com/smartcontractkit/timelock-worker/pkg/timelock/contract/Timelock.go:1363.2,1364.16 2 0
github.com/smartcontractkit/timelock-worker/pkg/timelock/contract/Timelock.go:1364.16,1366.3 1 0
github.com/smartcontractkit/timelock-worker/pkg/timelock/contract/Timelock.go:1367.2,1367.64 1 0
github.com/smartcontractkit/timelock-worker/pkg/timelock/contract/Timelock.go:1367.64,1369.7 2 0
github.com/smartcontractkit/timelock-worker/pkg/timelock/contract/Timelock.go:1369.7,1370.11 1 0
github.com/smartcontractkit/timelock-worker/pkg/timelock/contract/Timelock.go:1371.23,1374.84 2 0
github.com/smartcontractkit/timelock-worker/pkg/timelock/contract/Timelock.go:1374.84,1376.6 1 0
github.com/smartcontractkit/timelock-worker/pkg/timelock/contract/Timelock.go:1377.5,1379.12 2 0
github.com/smartcontractkit/timelock-worker/pkg/timelock/contract/Timelock.go:1380.24,1380.24 0 0
github.com/smartcontractkit/timelock-worker/pkg/timelock/contract/Timelock.go:1381.29,1382.16 1 0
github.com/smartcontractkit/timelock-worker/pkg/timelock/contract/Timelock.go:1383.17,1384.16 1 0
github.com/smartcontractkit/timelock-worker/pkg/timelock/contract/Timelock.go:1386.28,1387.15 1 0
github.com/smartcontractkit/timelock-worker/pkg/timelock/contract/Timelock.go:1388.16,1389.15 1 0
github.com/smartcontractkit/timelock-worker/pkg/timelock/contract/Timelock.go:1398.100,1400.81 2 0
github.com/smartcontractkit/timelock-worker/pkg/timelock/contract/Timelock.go:1400.81,1402.3 1 0
github.com/smartcontractkit/timelock-worker/pkg/timelock/contract/Timelock.go:1403.2,1404.19 2 0
github.com/smartcontractkit/timelock-worker/pkg/timelock/contract/Timelock.go:1423.54,1425.20 1 0
github.com/smartcontractkit/timelock-worker/pkg/timelock/contract/Timelock.go:1425.20,1427.3 1 0
github.com/smartcontractkit/timelock-worker/pkg/timelock/contract/Timelock.go:1429.2,1429.13 1 0
github.com/smartcontractkit/timelock-worker/pkg/timelock/contract/Timelock.go:1429.13,1430.10 1 0
github.com/smartcontractkit/timelock-worker/pkg/timelock/contract/Timelock.go:1431.25,1433.73 2 0
github.com/smartcontractkit/timelock-worker/pkg/timelock/contract/Timelock.go:1433.73,1436.5 2 0
github.com/smartcontractkit/timelock-worker/pkg/timelock/contract/Timelock.go:1437.4,1438.15 2 0
github.com/smartcontractkit/timelock-worker/pkg/timelock/contract/Timelock.go:1440.11,1441.16 1 0
github.com/smartcontractkit/timelock-worker/pkg/timelock/contract/Timelock.go:1445.2,1445.9 1 0
github.com/smartcontractkit/timelock-worker/pkg/timelock/contract/Timelock.go:1446.24,1448.72 2 0
github.com/smartcontractkit/timelock-worker/pkg/timelock/contract/Timelock.go:1448.72,1451.4 2 0
github.com/smartcontractkit/timelock-worker/pkg/timelock/contract/Timelock.go:1452.3,1453.14 2 0
github.com/smartcontractkit/timelock-worker/pkg/timelock/contract/Timelock.go:1455.29,1458.19 3 0
github.com/smartcontractkit/timelock-worker/pkg/timelock/contract/Timelock.go:1463.56,1465.2 1 0
github.com/smartcontractkit/timelock-worker/pkg/timelock/contract/Timelock.go:1469.56,1472.2 2 0
github.com/smartcontractkit/timelock-worker/pkg/timelock/contract/Timelock.go:1490.152,1493.28 2 0
github.com/smartcontractkit/timelock-worker/pkg/timelock/contract/Timelock.go:1493.28,1495.3 1 0
github.com/smartcontractkit/timelock-worker/pkg/timelock/contract/Timelock.go:1496.2,1497.34 2 0
github.com/smartcontractkit/timelock-worker/pkg/timelock/contract/Timelock.go:1497.34,1499.3 1 0
github.com/smartcontractkit/timelock-worker/pkg/timelock/contract/Timelock.go:1501.2,1502.16 2 0
github.com/smartcontractkit/timelock-worker/pkg/timelock/contract/Timelock.go:1502.16,1504.3 1 0
github.com/smartcontractkit/timelock-worker/pkg/timelock/contract/Timelock.go:1505.2,1505.120 1 0
github.com/smartcontractkit/timelock-worker/pkg/timelock/contract/Timelock.go:1511.174,1514.28 2 0
github.com/smartcontractkit/timelock-worker/pkg/timelock/contract/Timelock.go:1514.28,1516.3 1 0
github.com/smartcontractkit/timelock-worker/pkg/timelock/contract/Timelock.go:1517.2,1518.34 2 0
github.com/smartcontractkit/timelock-worker/pkg/timelock/contract/Timelock.go:1518.34,1520.3 1 0
github.com/smartcontractkit/timelock-worker/pkg/timelock/contract/Timelock.go:1522.2,1523.16 2 0
github.com/smartcontractkit/timelock-worker/pkg/timelock/contract/Timelock.go:1523.16,1525.3 1 0
github.com/smartcontractkit/timelock-worker/pkg/timelock/contract/Timelock.go:1526.2,1526.64 1 0
github.com/smartcontractkit/timelock-worker/pkg/timelock/contract/Timelock.go:1526.64,1528.7 2 0
github.com/smartcontractkit/timelock-worker/pkg/timelock/contract/Timelock.go:1528.7,1529.11 1 0
github.com/smartcontractkit/timelock-worker/pkg/timelock/contract/Timelock.go:1530.23,1533.85 2 0
github.com/smartcontractkit/timelock-worker/pkg/timelock/contract/Timelock.go:1533.85,1535.6 1 0
github.com/smartcontractkit/timelock-worker/pkg/timelock/contract/Timelock.go:1536.5,1538.12 2 0
github.com/smartcontractkit/timelock-worker/pkg/timelock/contract/Timelock.go:1539.24,1539.24 0 0
github.com/smartcontractkit/timelock-worker/pkg/timelock/contract/Timelock.go:1540.29,1541.16 1 0
github.com/smartcontractkit/timelock-worker/pkg/timelock/contract/Timelock.go:1542.17,1543.16 1 0
github.com/smartcontractkit/timelock-worker/pkg/timelock/contract/Timelock.go:1545.28,1546.15 1 0
github.com/smartcontractkit/timelock-worker/pkg/timelock/contract/Timelock.go:1547.16,1548.15 1 0
github.com/smartcontractkit/timelock-worker/pkg/timelock/contract/Timelock.go:1557.102,1559.82 2 0
github.com/smartcontractkit/timelock-worker/pkg/timelock/contract/Timelock.go:1559.82,1561.3 1 0
github.com/smartcontractkit/timelock-worker/pkg/timelock/contract/Timelock.go:1562.2,1563.19 2 0
github.com/smartcontractkit/timelock-worker/pkg/timelock/contract/Timelock.go:1582.50,1584.20 1 0
github.com/smartcontractkit/timelock-worker/pkg/timelock/contract/Timelock.go:1584.20,1586.3 1 0
github.com/smartcontractkit/timelock-worker/pkg/timelock/contract/Timelock.go:1588.2,1588.13 1 0
github.com/smartcontractkit/timelock-worker/pkg/timelock/contract/Timelock.go:1588.13,1589.10 1 0
github.com/smartcontractkit/timelock-worker/pkg/timelock/contract/Timelock.go:1590.25,1592.73 2 0
github.com/smartcontractkit/timelock-worker/pkg/timelock/contract/Timelock.go:1592.73,1595.5 2 0
github.com/smartcontractkit/timelock-worker/pkg/timelock/contract/Timelock.go:1596.4,1597.15 2 0
github.com/smartcontractkit/timelock-worker/pkg/timelock/contract/Timelock.go:1599.11,1600.16 1 0
github.com/smartcontractkit/timelock-worker/pkg/timelock/contract/Timelock.go:1604.2,1604.9 1 0
github.com/smartcontractkit/timelock-worker/pkg/timelock/contract/Timelock.go:1605.24,1607.72 2 0
github.com/smartcontractkit/timelock-worker/pkg/timelock/contract/Timelock.go:1607.72,1610.4 2 0
github.com/smartcontractkit/timelock-worker/pkg/timelock/contract/Timelock.go:1611.3,1612.14 2 0
github.com/smartcontractkit/timelock-worker/pkg/timelock/contract/Timelock.go:1614.29,1617.19 3 0
github.com/smartcontractkit/timelock-worker/pkg/timelock/contract/Timelock.go:1622.52,1624.2 1 0
github.com/smartcontractkit/timelock-worker/pkg/timelock/contract/Timelock.go:1628.52,1631.2 2 0
github.com/smartcontractkit/timelock-worker/pkg/timelock/contract/Timelock.go:1642.126,1645.28 2 0
github.com/smartcontractkit/timelock-worker/pkg/timelock/contract/Timelock.go:1645.28,1647.3 1 0
github.com/smartcontractkit/timelock-worker/pkg/timelock/contract/Timelock.go:1649.2,1650.16 2 0
github.com/smartcontractkit/timelock-worker/pkg/timelock/contract/Timelock.go:1650.16,1652.3 1 0
github.com/smartcontractkit/timelock-worker/pkg/timelock/contract/Timelock.go:1653.2,1653.112 1 0
github.com/smartcontractkit/timelock-worker/pkg/timelock/contract/Timelock.go:1659.148,1662.28 2 0
github.com/smartcontractkit/timelock-worker/pkg/timelock/contract/Timelock.go:1662.28,1664.3 1 0
github.com/smartcontractkit/timelock-worker/pkg/timelock/contract/Timelock.go:1666.2,1667.16 2 0
github.com/smartcontractkit/timelock-worker/pkg/timelock/contract/Timelock.go:1667.16,1669.3 1 0
github.com/smartcontractkit/timelock-worker/pkg/timelock/contract/Timelock.go:1670.2,1670.64 1 0
github.com/smartcontractkit/timelock-worker/pkg/timelock/contract/Timelock.go:1670.64,1672.7 2 0
github.com/smartcontractkit/timelock-worker/pkg/timelock/contract/Timelock.go:1672.7,1673.11 1 0
github.com/smartcontractkit/timelock-worker/pkg/timelock/contract/Timelock.go:1674.23,1677.81 2 0
github.com/smartcontractkit/timelock-worker/pkg/timelock/contract/Timelock.go:1677.81,1679.6 1 0
github.com/smartcontractkit/timelock-worker/pkg/timelock/contract/Timelock.go:1680.5,1682.12 2 0
github.com/smartcontractkit/timelock-worker/pkg/timelock/contract/Timelock.go:1683.24,1683.24 0 0
github.com/smartcontractkit/timelock-worker/pkg/timelock/contract/Timelock.go:1684.29,1685.16 1 0
github.com/smartcontractkit/timelock-worker/pkg/timelock/contract/Timelock.go:1686.17,1687.16 1 0
github.com/smartcontractkit/timelock-worker/pkg/timelock/contract/Timelock.go:1689.28,1690.15 1 0
github.com/smartcontractkit/timelock-worker/pkg/timelock/contract/Timelock.go:1691.16,1692.15 1 0
github.com/smartcontractkit/timelock-worker/pkg/timelock/contract/Timelock.go:1701.94,1703.78 2 0
github.com/smartcontractkit/timelock-worker/pkg/timelock/contract/Timelock.go:1703.78,1705.3 1 0
github.com/smartcontractkit/timelock-worker/pkg/timelock/contract/Timelock.go:1706.2,1707.19 2 0
github.com/smartcontractkit/timelock-worker/pkg/timelock/contract/Timelock.go:1726.64,1728.20 1 0
github.com/smartcontractkit/timelock-worker/pkg/timelock/contract/Timelock.go:1728.20,1730.3 1 0
github.com/smartcontractkit/timelock-worker/pkg/timelock/contract/Timelock.go:1732.2,1732.13 1 0
github.com/smartcontractkit/timelock-worker/pkg/timelock/contract/Timelock.go:1732.13,1733.10 1 0
github.com/smartcontractkit/timelock-worker/pkg/timelock/contract/Timelock.go:1734.25,1736.73 2 0
github.com/smartcontractkit/timelock-worker/pkg/timelock/contract/Timelock.go:1736.73,1739.5 2 0
github.com/smartcontractkit/timelock-worker/pkg/timelock/contract/Timelock.go:1740.4,1741.15 2 0
github.com/smartcontractkit/timelock-worker/pkg/timelock/contract/Timelock.go:1743.11,1744.16 1 0
github.com/smartcontractkit/timelock-worker/pkg/timelock/contract/Timelock.go:1748.2,1748.9 1 0
github.com/smartcontractkit/timelock-worker/pkg/timelock/contract/Timelock.go:1749.24,1751.72 2 0
github.com/smartcontractkit/timelock-worker/pkg/timelock/contract/Timelock.go:1751.72,1754.4 2 0
github.com/smartcontractkit/timelock-worker/pkg/timelock/contract/Timelock.go:1755.3,1756.14 2 0
github.com/smartcontractkit/timelock-worker/pkg/timelock/contract/Timelock.go:1758.29,1761.19 3 0
github.com/smartcontractkit/timelock-worker/pkg/timelock/contract/Timelock.go:1766.66,1768.2 1 0
github.com/smartcontractkit/timelock-worker/pkg/timelock/contract/Timelock.go:1772.66,1775.2 2 0
github.com/smartcontractkit/timelock-worker/pkg/timelock/contract/Timelock.go:1786.159,1789.40 2 0
github.com/smartcontractkit/timelock-worker/pkg/timelock/contract/Timelock.go:1789.40,1791.3 1 0
github.com/smartcontractkit/timelock-worker/pkg/timelock/contract/Timelock.go:1793.2,1794.16 2 0
github.com/smartcontractkit/timelock-worker/pkg/timelock/contract/Timelock.go:1794.16,1796.3 1 0
github.com/smartcontractkit/timelock-worker/pkg/timelock/contract/Timelock.go:1797.2,1797.140 1 0
github.com/smartcontractkit/timelock-worker/pkg/timelock/contract/Timelock.go:1803.181,1806.40 2 0
github.com/smartcontractkit/timelock-worker/pkg/timelock/contract/Timelock.go:1806.40,1808.3 1 0
github.com/smartcontractkit/timelock-worker/pkg/timelock/contract/Timelock.go:1810.2,1811.16 2 0
github.com/smartcontractkit/timelock-worker/pkg/timelock/contract/Timelock.go:1811.16,1813.3 1 0
github.com/smartcontractkit/timelock-worker/pkg/timelock/contract/Timelock.go:1814.2,1814.64 1 0
github.com/smartcontractkit/timelock-worker/pkg/timelock/contract/Timelock.go:1814.64,1816.7 2 0
github.com/smartcontractkit/timelock-worker/pkg/timelock/contract/Timelock.go:1816.7,1817.11 1 0
github.com/smartcontractkit/timelock-worker/pkg/timelock/contract/Timelock.go:1818.23,1821.95 2 0
github.com/smartcontractkit/timelock-worker/pkg/timelock/contract/Timelock.go:1821.95,1823.6 1 0
github.com/smartcontractkit/timelock-worker/pkg/timelock/contract/Timelock.go:1824.5,1826.12 2 0
github.com/smartcontractkit/timelock-worker/pkg/timelock/contract/Timelock.go:1827.24,1827.24 0 0
github.com/smartcontractkit/timelock-worker/pkg/timelock/contract/Timelock.go:1828.29,1829.16 1 0
github.com/smartcontractkit/timelock-worker/pkg/timelock/contract/Timelock.go:1830.17,1831.16 1 0
github.com/smartcontractkit/timelock-worker/pkg/timelock/contract/Timelock.go:1833.28,1834.15 1 0
github.com/smartcontractkit/timelock-worker/pkg/timelock/contract/Timelock.go:1835.16,1836.15 1 0
github.com/smartcontractkit/timelock-worker/pkg/timelock/contract/Timelock.go:1845.122,1847.92 2 0
github.com/smartcontractkit/timelock-worker/pkg/timelock/contract/Timelock.go:1847.92,1849.3 1 0
github.com/smartcontractkit/timelock-worker/pkg/timelock/contract/Timelock.go:1850.2,1851.19 2 0
github.com/smartcontractkit/timelock-worker/pkg/timelock/contract/Timelock.go:1870.66,1872.20 1 0
github.com/smartcontractkit/timelock-worker/pkg/timelock/contract/Timelock.go:1872.20,1874.3 1 0
github.com/smartcontractkit/timelock-worker/pkg/timelock/contract/Timelock.go:1876.2,1876.13 1 0
github.com/smartcontractkit/timelock-worker/pkg/timelock/contract/Timelock.go:1876.13,1877.10 1 0
github.com/smartcontractkit/timelock-worker/pkg/timelock/contract/Timelock.go:1878.25,1880.73 2 0
github.com/smartcontractkit/timelock-worker/pkg/timelock/contract/Timelock.go:1880.73,1883.5 2 0
github.com/smartcontractkit/timelock-worker/pkg/timelock/contract/Timelock.go:1884.4,1885.15 2 0
github.com/smartcontractkit/timelock-worker/pkg/timelock/contract/Timelock.go:1887.11,1888.16 1 0
github.com/smartcontractkit/timelock-worker/pkg/timelock/contract/Timelock.go:1892.2,1892.9 1 0
github.com/smartcontractkit/timelock-worker/pkg/timelock/contract/Timelock.go:1893.24,1895.72 2 0
github.com/smartcontractkit/timelock-worker/pkg/timelock/contract/Timelock.go:1895.72,1898.4 2 0
github.com/smartcontractkit/timelock-worker/pkg/timelock/contract/Timelock.go:1899.3,1900.14 2 0
github.com/smartcontractkit/timelock-worker/pkg/timelock/contract/Timelock.go:1902.29,1905.19 3 0
github.com/smartcontractkit/timelock-worker/pkg/timelock/contract/Timelock.go:1910.68,1912.2 1 0
github.com/smartcontractkit/timelock-worker/pkg/timelock/contract/Timelock.go:1916.68,1919.2 2 0
github.com/smartcontractkit/timelock-worker/pkg/timelock/contract/Timelock.go:1930.163,1933.40 2 0
github.com/smartcontractkit/timelock-worker/pkg/timelock/contract/Timelock.go:1933.40,1935.3 1 0
github.com/smartcontractkit/timelock-worker/pkg/timelock/contract/Timelock.go:1937.2,1938.16 2 0
github.com/smartcontractkit/timelock-worker/pkg/timelock/contract/Timelock.go:1938.16,1940.3 1 0
github.com/smartcontractkit/timelock-worker/pkg/timelock/contract/Timelock.go:1941.2,1941.144 1 0
github.com/smartcontractkit/timelock-worker/pkg/timelock/contract/Timelock.go:1947.185,1950.40 2 0
github.com/smartcontractkit/timelock-worker/pkg/timelock/contract/Timelock.go:1950.40,1952.3 1 0
github.com/smartcontractkit/timelock-worker/pkg/timelock/contract/Timelock.go:1954.2,1955.16 2 0
github.com/smartcontractkit/timelock-worker/pkg/timelock/contract/Timelock.go:1955.16,1957.3 1 0
github.com/smartcontractkit/timelock-worker/pkg/timelock/contract/Timelock.go:1958.2,1958.64 1 0
github.com/smartcontractkit/timelock-worker/pkg/timelock/contract/Timelock.go:1958.64,1960.7 2 0
github.com/smartcontractkit/timelock-worker/pkg/timelock/contract/Timelock.go:1960.7,1961.11 1 0
github.com/smartcontractkit/timelock-worker/pkg/timelock/contract/Timelock.go:1962.23,1965.97 2 0
github.com/smartcontractkit/timelock-worker/pkg/timelock/contract/Timelock.go:1965.97,1967.6 1 0
github.com/smartcontractkit/timelock-worker/pkg/timelock/contract/Timelock.go:1968.5,1970.12 2 0
github.com/smartcontractkit/timelock-worker/pkg/timelock/contract/Timelock.go:1971.24,1971.24 0 0
github.com/smartcontractkit/timelock-worker/pkg/timelock/contract/Timelock.go:1972.29,1973.16 1 0
github.com/smartcontractkit/timelock-worker/pkg/timelock/contract/Timelock.go:1974.17,1975.16 1 0
github.com/smartcontractkit/timelock-worker/pkg/timelock/contract/Timelock.go:1977.28,1978.15 1 0
github.com/smartcontractkit/timelock-worker/pkg/timelock/contract/Timelock.go:1979.16,1980.15 1 0
github.com/smartcontractkit/timelock-worker/pkg/timelock/contract/Timelock.go:1989.126,1991.94 2 0
github.com/smartcontractkit/timelock-worker/pkg/timelock/contract/Timelock.go:1991.94,1993.3 1 0
github.com/smartcontractkit/timelock-worker/pkg/timelock/contract/Timelock.go:1994.2,1995.19 2 0
github.com/smartcontractkit/timelock-worker/pkg/timelock/contract/Timelock.go:2014.55,2016.20 1 0
github.com/smartcontractkit/timelock-worker/pkg/timelock/contract/Timelock.go:2016.20,2018.3 1 0
github.com/smartcontractkit/timelock-worker/pkg/timelock/contract/Timelock.go:2020.2,2020.13 1 0
github.com/smartcontractkit/timelock-worker/pkg/timelock/contract/Timelock.go:2020.13,2021.10 1 0
github.com/smartcontractkit/timelock-worker/pkg/timelock/contract/Timelock.go:2022.25,2024.73 2 0
github.com/smartcontractkit/timelock-worker/pkg/timelock/contract/Timelock.go:2024.73,2027.5 2 0
github.com/smartcontractkit/timelock-worker/pkg/timelock/contract/Timelock.go:2028.4,2029.15 2 0
github.com/smartcontractkit/timelock-worker/pkg/timelock/contract/Timelock.go:2031.11,2032.16 1 0
github.com/smartcontractkit/timelock-worker/pkg/timelock/contract/Timelock.go:2036.2,2036.9 1 0
github.com/smartcontractkit/timelock-worker/pkg/timelock/contract/Timelock.go:2037.24,2039.72 2 0
github.com/smartcontractkit/timelock-worker/pkg/timelock/contract/Timelock.go:2039.72,2042.4 2 0
github.com/smartcontractkit/timelock-worker/pkg/timelock/contract/Timelock.go:2043.3,2044.14 2 0
github.com/smartcontractkit/timelock-worker/pkg/timelock/contract/Timelock.go:2046.29,2049.19 3 0
github.com/smartcontractkit/timelock-worker/pkg/timelock/contract/Timelock.go:2054.57,2056.2 1 0
github.com/smartcontractkit/timelock-worker/pkg/timelock/contract/Timelock.go:2060.57,2063.2 2 0
github.com/smartcontractkit/timelock-worker/pkg/timelock/contract/Timelock.go:2075.121,2078.16 2 0
github.com/smartcontractkit/timelock-worker/pkg/timelock/contract/Timelock.go:2078.16,2080.3 1 0
github.com/smartcontractkit/timelock-worker/pkg/timelock/contract/Timelock.go:2081.2,2081.122 1 0
github.com/smartcontractkit/timelock-worker/pkg/timelock/contract/Timelock.go:2087.143,2090.16 2 0
github.com/smartcontractkit/timelock-worker/pkg/timelock/contract/Timelock.go:2090.16,2092.3 1 0
github.com/smartcontractkit/timelock-worker/pkg/timelock/contract/Timelock.go:2093.2,2093.64 1 0
github.com/smartcontractkit/timelock-worker/pkg/timelock/contract/Timelock.go:2093.64,2095.7 2 0
github.com/smartcontractkit/timelock-worker/pkg/timelock/contract/Timelock.go:2095.7,2096.11 1 0
github.com/smartcontractkit/timelock-worker/pkg/timelock/contract/Timelock.go:2097.23,2100.86 2 0
github.com/smartcontractkit/timelock-worker/pkg/timelock/contract/Timelock.go:2100.86,2102.6 1 0
github.com/smartcontractkit/timelock-worker/pkg/timelock/contract/Timelock.go:2103.5,2105.12 2 0
github.com/smartcontractkit/timelock-worker/pkg/timelock/contract/Timelock.go:2106.24,2106.24 0 0
github.com/smartcontractkit/timelock-worker/pkg/timelock/contract/Timelock.go:2107.29,2108.16 1 0
github.com/smartcontractkit/timelock-worker/pkg/timelock/contract/Timelock.go:2109.17,2110.16 1 0
github.com/smartcontractkit/timelock-worker/pkg/timelock/contract/Timelock.go:2112.28,2113.15 1 0
github.com/smartcontractkit/timelock-worker/pkg/timelock/contract/Timelock.go:2114.16,2115.15 1 0
github.com/smartcontractkit/timelock-worker/pkg/timelock/contract/Timelock.go:2124.104,2126.83 2 0
github.com/smartcontractkit/timelock-worker/pkg/timelock/contract/Timelock.go:2126.83,2128.3 1 0
github.com/smartcontractkit/timelock-worker/pkg/timelock/contract/Timelock.go:2129.2,2130.19 2 0
github.com/smartcontractkit/timelock-worker/pkg/timelock/contract/Timelock.go:2149.57,2151.20 1 0
github.com/smartcontractkit/timelock-worker/pkg/timelock/contract/Timelock.go:2151.20,2153.3 1 0
github.com/smartcontractkit/timelock-worker/pkg/timelock/contract/Timelock.go:2155.2,2155.13 1 0
github.com/smartcontractkit/timelock-worker/pkg/timelock/contract/Timelock.go:2155.13,2156.10 1 0
github.com/smartcontractkit/timelock-worker/pkg/timelock/contract/Timelock.go:2157.25,2159.73 2 0
github.com/smartcontractkit/timelock-worker/pkg/timelock/contract/Timelock.go:2159.73,2162.5 2 0
github.com/smartcontractkit/timelock-worker/pkg/timelock/contract/Timelock.go:2163.4,2164.15 2 0
github.com/smartcontractkit/timelock-worker/pkg/timelock/contract/Timelock.go:2166.11,2167.16 1 0
github.com/smartcontractkit/timelock-worker/pkg/timelock/contract/Timelock.go:2171.2,2171.9 1 0
github.com/smartcontractkit/timelock-worker/pkg/timelock/contract/Timelock.go:2172.24,2174.72 2 0
github.com/smartcontractkit/timelock-worker/pkg/timelock/contract/Timelock.go:2174.72,2177.4 2 0
github.com/smartcontractkit/timelock-worker/pkg/timelock/contract/Timelock.go:2178.3,2179.14 2 0
github.com/smartcontractkit/timelock-worker/pkg/timelock/contract/Timelock.go:2181.29,2184.19 3 0
github.com/smartcontractkit/timelock-worker/pkg/timelock/contract/Timelock.go:2189.59,2191.2 1 0
github.com/smartcontractkit/timelock-worker/pkg/timelock/contract/Timelock.go:2195.59,2198.2 2 0
github.com/smartcontractkit/timelock-worker/pkg/timelock/contract/Timelock.go:2211.197,2214.32 2 0
github.com/smartcontractkit/timelock-worker/pkg/timelock/contract/Timelock.go:2214.32,2216.3 1 0
github.com/smartcontractkit/timelock-worker/pkg/timelock/contract/Timelock.go:2217.2,2218.58 2 0
github.com/smartcontractkit/timelock-worker/pkg/timelock/contract/Timelock.go:2218.58,2220.3 1 0
github.com/smartcontractkit/timelock-worker/pkg/timelock/contract/Timelock.go:2221.2,2222.48 2 0
github.com/smartcontractkit/timelock-worker/pkg/timelock/contract/Timelock.go:2222.48,2224.3 1 0
github.com/smartcontractkit/timelock-worker/pkg/timelock/contract/Timelock.go:2226.2,2227.16 2 0
github.com/smartcontractkit/timelock-worker/pkg/timelock/contract/Timelock.go:2227.16,2229.3 1 0
github.com/smartcontractkit/timelock-worker/pkg/timelock/contract/Timelock.go:2230.2,2230.126 1 0
github.com/smartcontractkit/timelock-worker/pkg/timelock/contract/Timelock.go:2236.219,2239.32 2 0
github.com/smartcontractkit/timelock-worker/pkg/timelock/contract/Timelock.go:2239.32,2241.3 1 0
github.com/smartcontractkit/timelock-worker/pkg/timelock/contract/Timelock.go:2242.2,2243.58 2 0
github.com/smartcontractkit/timelock-worker/pkg/timelock/contract/Timelock.go:2243.58,2245.3 1 0
github.com/smartcontractkit/timelock-worker/pkg/timelock/contract/Timelock.go:2246.2,2247.48 2 0
github.com/smartcontractkit/timelock-worker/pkg/timelock/contract/Timelock.go:2247.48,2249.3 1 0
github.com/smartcontractkit/timelock-worker/pkg/timelock/contract/Timelock.go:2251.2,2252.16 2 0
github.com/smartcontractkit/timelock-worker/pkg/timelock/contract/Timelock.go:2252.16,2254.3 1 0
github.com/smartcontractkit/timelock-worker/pkg/timelock/contract/Timelock.go:2255.2,2255.64 1 0
github.com/smartcontractkit/timelock-worker/pkg/timelock/contract/Timelock.go:2255.64,2257.7 2 0
github.com/smartcontractkit/timelock-worker/pkg/timelock/contract/Timelock.go:2257.7,2258.11 1 0
github.com/smartcontractkit/timelock-worker/pkg/timelock/contract/Timelock.go:2259.23,2262.88 2 0
github.com/smartcontractkit/timelock-worker/pkg/timelock/contract/Timelock.go:2262.88,2264.6 1 0
github.com/smartcontractkit/timelock-worker/pkg/timelock/contract/Timelock.go:2265.5,2267.12 2 0
github.com/smartcontractkit/timelock-worker/pkg/timelock/contract/Timelock.go:2268.24,2268.24 0 0
github.com/smartcontractkit/timelock-worker/pkg/timelock/contract/Timelock.go:2269.29,2270.16 1 0
github.com/smartcontractkit/timelock-worker/pkg/timelock/contract/Timelock.go:2271.17,2272.16 1 0
github.com/smartcontractkit/timelock-worker/pkg/timelock/contract/Timelock.go:2274.28,2275.15 1 0
github.com/smartcontractkit/timelock-worker/pkg/timelock/contract/Timelock.go:2276.16,2277.15 1 0
github.com/smartcontractkit/timelock-worker/pkg/timelock/contract/Timelock.go:2286.108,2288.85 2 0
github.com/smartcontractkit/timelock-worker/pkg/timelock/contract/Timelock.go:2288.85,2290.3 1 0
github.com/smartcontractkit/timelock-worker/pkg/timelock/contract/Timelock.go:2291.2,2292.19 2 0
github.com/smartcontractkit/timelock-worker/pkg/timelock/contract/Timelock.go:2311.52,2313.20 1 0
github.com/smartcontractkit/timelock-worker/pkg/timelock/contract/Timelock.go:2313.20,2315.3 1 0
github.com/smartcontractkit/timelock-worker/pkg/timelock/contract/Timelock.go:2317.2,2317.13 1 0
github.com/smartcontractkit/timelock-worker/pkg/timelock/contract/Timelock.go:2317.13,2318.10 1 0
github.com/smartcontractkit/timelock-worker/pkg/timelock/contract/Timelock.go:2319.25,2321.73 2 0
github.com/smartcontractkit/timelock-worker/pkg/timelock/contract/Timelock.go:2321.73,2324.5 2 0
github.com/smartcontractkit/timelock-worker/pkg/timelock/contract/Timelock.go:2325.4,2326.15 2 0
github.com/smartcontractkit/timelock-worker/pkg/timelock/contract/Timelock.go:2328.11,2329.16 1 0
github.com/smartcontractkit/timelock-worker/pkg/timelock/contract/Timelock.go:2333.2,2333.9 1 0
github.com/smartcontractkit/timelock-worker/pkg/timelock/contract/Timelock.go:2334.24,2336.72 2 0
github.com/smartcontractkit/timelock-worker/pkg/timelock/contract/Timelock.go:2336.72,2339.4 2 0
github.com/smartcontractkit/timelock-worker/pkg/timelock/contract/Timelock.go:2340.3,2341.14 2 0
github.com/smartcontractkit/timelock-worker/pkg/timelock/contract/Timelock.go:2343.29,2346.19 3 0
github.com/smartcontractkit/timelock-worker/pkg/timelock/contract/Timelock.go:2351.54,2353.2 1 0
github.com/smartcontractkit/timelock-worker/pkg/timelock/contract/Timelock.go:2357.54,2360.2 2 0
github.com/smartcontractkit/timelock-worker/pkg/timelock/contract/Timelock.go:2373.183,2376.32 2 0
github.com/smartcontractkit/timelock-worker/pkg/timelock/contract/Timelock.go:2376.32,2378.3 1 0
github.com/smartcontractkit/timelock-worker/pkg/timelock/contract/Timelock.go:2379.2,2380.38 2 0
github.com/smartcontractkit/timelock-worker/pkg/timelock/contract/Timelock.go:2380.38,2382.3 1 0
github.com/smartcontractkit/timelock-worker/pkg/timelock/contract/Timelock.go:2383.2,2384.36 2 0
github.com/smartcontractkit/timelock-worker/pkg/timelock/contract/Timelock.go:2384.36,2386.3 1 0
github.com/smartcontractkit/timelock-worker/pkg/timelock/contract/Timelock.go:2388.2,2389.16 2 0
github.com/smartcontractkit/timelock-worker/pkg/timelock/contract/Timelock.go:2389.16,2391.3 1 0
github.com/smartcontractkit/timelock-worker/pkg/timelock/contract/Timelock.go:2392.2,2392.116 1 0
github.com/smartcontractkit/timelock-worker/pkg/timelock/contract/Timelock.go:2398.205,2401.32 2 0
github.com/smartcontractkit/timelock-worker/pkg/timelock/contract/Timelock.go:2401.32,2403.3 1 0
github.com/smartcontractkit/timelock-worker/pkg/timelock/contract/Timelock.go:2404.2,2405.38 2 0
github.com/smartcontractkit/timelock-worker/pkg/timelock/contract/Timelock.go:2405.38,2407.3 1 0
github.com/smartcontractkit/timelock-worker/pkg/timelock/contract/Timelock.go:2408.2,2409.36 2 0
github.com/smartcontractkit/timelock-worker/pkg/timelock/contract/Timelock.go:2409.36,2411.3 1 0
github.com/smartcontractkit/timelock-worker/pkg/timelock/contract/Timelock.go:2413.2,2414.16 2 0
github.com/smartcontractkit/timelock-worker/pkg/timelock/contract/Timelock.go:2414.16,2416.3 1 0
github.com/smartcontractkit/timelock-worker/pkg/timelock/contract/Timelock.go:2417.2,2417.64 1 0
github.com/smartcontractkit/timelock-worker/pkg/timelock/contract/Timelock.go:2417.64,2419.7 2 0
github.com/smartcontractkit/timelock-worker/pkg/timelock/contract/Timelock.go:2419.7,2420.11 1 0
github.com/smartcontractkit/timelock-worker/pkg/timelock/contract/Timelock.go:2421.23,2424.83 2 0
github.com/smartcontractkit/timelock-worker/pkg/timelock/contract/Timelock.go:2424.83,2426.6 1 0
github.com/smartcontractkit/timelock-worker/pkg/timelock/contract/Timelock.go:2427.5,2429.12 2 0
github.com/smartcontractkit/timelock-worker/pkg/timelock/contract/Timelock.go:2430.24,2430.24 0 0
github.com/smartcontractkit/timelock-worker/pkg/timelock/contract/Timelock.go:2431.29,2432.16 1 0
github.com/smartcontractkit/timelock-worker/pkg/timelock/contract/Timelock.go:2433.17,2434.16 1 0
github.com/smartcontractkit/timelock-worker/pkg/timelock/contract/Timelock.go:2436.28,2437.15 1 0
github.com/smartcontractkit/timelock-worker/pkg/timelock/contract/Timelock.go:2438.16,2439.15 1 0
github.com/smartcontractkit/timelock-worker/pkg/timelock/contract/Timelock.go:2448.98,2450.80 2 0
github.com/smartcontractkit/timelock-worker/pkg/timelock/contract/Timelock.go:2450.80,2452.3 1 0
github.com/smartcontractkit/timelock-worker/pkg/timelock/contract/Timelock.go:2453.2,2454.19 2 0
github.com/smartcontractkit/timelock-worker/pkg/timelock/contract/Timelock.go:2473.52,2475.20 1 0
github.com/smartcontractkit/timelock-worker/pkg/timelock/contract/Timelock.go:2475.20,2477.3 1 0
github.com/smartcontractkit/timelock-worker/pkg/timelock/contract/Timelock.go:2479.2,2479.13 1 0
github.com/smartcontractkit/timelock-worker/pkg/timelock/contract/Timelock.go:2479.13,2480.10 1 0
github.com/smartcontractkit/timelock-worker/pkg/timelock/contract/Timelock.go:2481.25,2483.73 2 0
github.com/smartcontractkit/timelock-worker/pkg/timelock/contract/Timelock.go:2483.73,2486.5 2 0
github.com/smartcontractkit/timelock-worker/pkg/timelock/contract/Timelock.go:2487.4,2488.15 2 0
github.com/smartcontractkit/timelock-worker/pkg/timelock/contract/Timelock.go:2490.11,2491.16 1 0
github.com/smartcontractkit/timelock-worker/pkg/timelock/contract/Timelock.go:2495.2,2495.9 1 0
github.com/smartcontractkit/timelock-worker/pkg/timelock/contract/Timelock.go:2496.24,2498.72 2 0
github.com/smartcontractkit/timelock-worker/pkg/timelock/contract/Timelock.go:2498.72,2501.4 2 0
github.com/smartcontractkit/timelock-worker/pkg/timelock/contract/Timelock.go:2502.3,2503.14 2 0
github.com/smartcontractkit/timelock-worker/pkg/timelock/contract/Timelock.go:2505.29,2508.19 3 0
github.com/smartcontractkit/timelock-worker/pkg/timelock/contract/Timelock.go:2513.54,2515.2 1 0
github.com/smartcontractkit/timelock-worker/pkg/timelock/contract/Timelock.go:2519.54,2522.2 2 0
github.com/smartcontractkit/timelock-worker/pkg/timelock/contract/Timelock.go:2535.183,2538.32 2 0
github.com/smartcontractkit/timelock-worker/pkg/timelock/contract/Timelock.go:2538.32,2540.3 1 0
github.com/smartcontractkit/timelock-worker/pkg/timelock/contract/Timelock.go:2541.2,2542.38 2 0
github.com/smartcontractkit/timelock-worker/pkg/timelock/contract/Timelock.go:2542.38,2544.3 1 0
github.com/smartcontractkit/timelock-worker/pkg/timelock/contract/Timelock.go:2545.2,2546.36 2 0
github.com/smartcontractkit/timelock-worker/pkg/timelock/contract/Timelock.go:2546.36,2548.3 1 0
github.com/smartcontractkit/timelock-worker/pkg/timelock/contract/Timelock.go:2550.2,2551.16 2 0
github.com/smartcontractkit/timelock-worker/pkg/timelock/contract/Timelock.go:2551.16,2553.3 1 0
github.com/smartcontractkit/timelock-worker/pkg/timelock/contract/Timelock.go:2554.2,2554.116 1 0
github.com/smartcontractkit/timelock-worker/pkg/timelock/contract/Timelock.go:2560.205,2563.32 2 0
github.com/smartcontractkit/timelock-worker/pkg/timelock/contract/Timelock.go:2563.32,2565.3 1 0
github.com/smartcontractkit/timelock-worker/pkg/timelock/contract/Timelock.go:2566.2,2567.38 2 0
github.com/smartcontractkit/timelock-worker/pkg/timelock/contract/Timelock.go:2567.38,2569.3 1 0
github.com/smartcontractkit/timelock-worker/pkg/timelock/contract/Timelock.go:2570.2,2571.36 2 0
github.com/smartcontractkit/timelock-worker/pkg/timelock/contract/Timelock.go:2571.36,2573.3 1 0
github.com/smartcontractkit/timelock-worker/pkg/timelock/contract/Timelock.go:2575.2,2576.16 2 0
github.com/smartcontractkit/timelock-worker/pkg/timelock/contract/Timelock.go:2576.16,2578.3 1 0
github.com/smartcontractkit/timelock-worker/pkg/timelock/contract/Timelock.go:2579.2,2579.64 1 0
github.com/smartcontractkit/timelock-worker/pkg/timelock/contract/Timelock.go:2579.64,2581.7 2 0
github.com/smartcontractkit/timelock-worker/pkg/timelock/contract/Timelock.go:2581.7,2582.11 1 0
github.com/smartcontractkit/timelock-worker/pkg/timelock/contract/Timelock.go:2583.23,2586.83 2 0
github.com/smartcontractkit/timelock-worker/pkg/timelock/contract/Timelock.go:2586.83,2588.6 1 0
github.com/smartcontractkit/timelock-worker/pkg/timelock/contract/Timelock.go:2589.5,2591.12 2 0
github.com/smartcontractkit/timelock-worker/pkg/timelock/contract/Timelock.go:2592.24,2592.24 0 0
github.com/smartcontractkit/timelock-worker/pkg/timelock/contract/Timelock.go:2593.29,2594.16 1 0
github.com/smartcontractkit/timelock-worker/pkg/timelock/contract/Timelock.go:2595.17,2596.16 1 0
github.com/smartcontractkit/timelock-worker/pkg/timelock/contract/Timelock.go:2598.28,2599.15 1 0
github.com/smartcontractkit/timelock-worker/pkg/timelock/contract/Timelock.go:2600.16,2601.15 1 0
github.com/smartcontractkit/timelock-worker/pkg/timelock/contract/Timelock.go:2610.98,2612.80 2 0
github.com/smartcontractkit/timelock-worker/pkg/timelock/contract/Timelock.go:2612.80,2614.3 1 0
github.com/smartcontractkit/timelock-worker/pkg/timelock/contract/Timelock.go:2615.2,2616.19 2 0
github.com/smartcontractkit/timelock-worker/pkg/logger/logger.go:23.61,24.19 1 4
github.com/smartcontractkit/timelock-worker/pkg/logger/logger.go:24.19,26.11 1 1
github.com/smartcontractkit/timelock-worker/pkg/logger/logger.go:26.11,28.5 1 1
github.com/smartcontractkit/timelock-worker/pkg/logger/logger.go:31.2,31.15 1 4
github.com/smartcontractkit/timelock-worker/pkg/logger/logger.go:35.64,37.16 2 1
github.com/smartcontractkit/timelock-worker/pkg/logger/logger.go:37.16,40.3 1 0
github.com/smartcontractkit/timelock-worker/pkg/logger/logger.go:42.2,43.16 2 1
github.com/smartcontractkit/timelock-worker/pkg/logger/logger.go:44.15,45.79 1 1
github.com/smartcontractkit/timelock-worker/pkg/logger/logger.go:46.14,47.70 1 0
github.com/smartcontractkit/timelock-worker/pkg/logger/logger.go:48.10,49.79 1 0
github.com/smartcontractkit/timelock-worker/pkg/logger/logger.go:52.2,52.11 1 1
github.com/smartcontractkit/timelock-worker/pkg/cli/config.go:21.40,38.33 7 2
github.com/smartcontractkit/timelock-worker/pkg/cli/config.go:38.33,40.3 1 1
github.com/smartcontractkit/timelock-worker/pkg/cli/config.go:42.2,42.41 1 2
github.com/smartcontractkit/timelock-worker/pkg/cli/config.go:42.41,44.3 1 1
github.com/smartcontractkit/timelock-worker/pkg/cli/config.go:46.2,46.43 1 2
github.com/smartcontractkit/timelock-worker/pkg/cli/config.go:46.43,48.3 1 1
github.com/smartcontractkit/timelock-worker/pkg/cli/config.go:50.2,50.36 1 2
github.com/smartcontractkit/timelock-worker/pkg/cli/config.go:50.36,52.3 1 2
github.com/smartcontractkit/timelock-worker/pkg/cli/config.go:54.2,54.35 1 2
github.com/smartcontractkit/timelock-worker/pkg/cli/config.go:54.35,56.17 2 2
github.com/smartcontractkit/timelock-worker/pkg/cli/config.go:56.17,58.4 1 2
github.com/smartcontractkit/timelock-worker/pkg/cli/config.go:61.2,61.36 1 2
github.com/smartcontractkit/timelock-worker/pkg/cli/config.go:61.36,63.17 2 1
github.com/smartcontractkit/timelock-worker/pkg/cli/config.go:63.17,65.4 1 1
github.com/smartcontractkit/timelock-worker/pkg/cli/config.go:68.2,68.16 1 2
